{"time":"2026-08-19T12:26:37.1906429+09:00","level":"INFO","msg":"wandb-core"}
{"time":"2026-08-19T12:26:37.1906429+09:00","level":"INFO","msg":"stream: starting","core version":"0.28.2"}
{"time":"2026-08-19T12:26:37.3213967+09:00","level":"INFO","msg":"stream: created new stream","id":"8weyo5m2"}
{"time":"2026-08-19T12:26:37.3213967+09:00","level":"INFO","msg":"handler: started"}
{"time":"2026-08-19T12:26:37.3238723+09:00","level":"INFO","msg":"stream: started"}
{"time":"2026-08-19T12:26:37.3238723+09:00","level":"INFO","msg":"writer: started","stream_id":"8weyo5m2"}
{"time":"2026-08-19T12:26:37.3238723+09:00","level":"INFO","msg":"sender: started"}
{"time":"2026-08-19T12:26:38.356396+09:00","level":"INFO","msg":"filestream: sending request","total_files":1,"console_offset":0,"console_lines":1}
{"time":"2026-08-19T12:26:38.6915809+09:00","level":"INFO","msg":"filestream: request sent","status":"200 OK"}
{"time":"2026-08-19T12:26:53.3570076+09:00","level":"INFO","msg":"filestream: sending request","total_files":2,"events_offset":0,"events_lines":2,"console_offset":1,"console_lines":1,"uploaded_len":2}
{"time":"2026-08-19T12:26:53.8940975+09:00","level":"INFO","msg":"filestream: request sent","status":"200 OK"}
{"time":"2026-08-19T12:27:08.3569456+09:00","level":"INFO","msg":"filestream: sending request","total_files":1,"events_offset":2,"events_lines":2}
{"time":"2026-08-19T12:27:08.873512+09:00","level":"INFO","msg":"filestream: request sent","status":"200 OK"}
{"time":"2026-08-19T12:27:23.3567038+09:00","level":"INFO","msg":"filestream: sending request","total_files":4,"history_offset":0,"history_lines":1,"events_offset":4,"events_lines":2,"console_offset":2,"console_lines":1}
{"time":"2026-08-19T12:27:23.8907829+09:00","level":"INFO","msg":"filestream: request sent","status":"200 OK"}
{"time":"2026-08-19T12:27:38.356696+09:00","level":"INFO","msg":"filestream: sending request","total_files":4,"history_offset":1,"history_lines":1,"events_offset":6,"events_lines":2,"console_offset":3,"console_lines":1}
{"time":"2026-08-19T12:27:38.8668556+09:00","level":"INFO","msg":"filestream: request sent","status":"200 OK"}
{"time":"2026-08-19T12:27:53.3567076+09:00","level":"INFO","msg":"filestream: sending request","total_files":4,"history_offset":2,"history_lines":1,"events_offset":8,"events_lines":2,"console_offset":4,"console_lines":1}
{"time":"2026-08-19T12:27:53.8543444+09:00","level":"INFO","msg":"filestream: request sent","status":"200 OK"}
{"time":"2026-08-19T12:28:08.356734+09:00","level":"INFO","msg":"filestream: sending request","total_files":4,"history_offset":3,"history_lines":1,"events_offset":10,"events_lines":2,"console_offset":5,"console_lines":1}
{"time":"2026-08-19T12:28:08.8031335+09:00","level":"INFO","msg":"filestream: request sent","status":"200 OK"}
{"time":"2026-08-19T12:28:23.3569132+09:00","level":"INFO","msg":"filestream: sending request","total_files":4,"history_offset":4,"history_lines":1,"events_offset":12,"events_lines":2,"console_offset":6,"console_lines":1}
{"time":"2026-08-19T12:28:23.8311919+09:00","level":"INFO","msg":"filestream: request sent","status":"200 OK"}
{"time":"2026-08-19T12:28:38.3568054+09:00","level":"INFO","msg":"filestream: sending request","total_files":1,"events_offset":14,"events_lines":2}
{"time":"2026-08-19T12:28:38.8840603+09:00","level":"INFO","msg":"filestream: request sent","status":"200 OK"}
{"time":"2026-08-19T12:28:53.3569814+09:00","level":"INFO","msg":"filestream: sending request","total_files":4,"history_offset":5,"history_lines":1,"events_offset":16,"events_lines":2,"console_offset":7,"console_lines":1}
{"time":"2026-08-19T12:28:53.8923132+09:00","level":"INFO","msg":"filestream: request sent","status":"200 OK"}
{"time":"2026-08-19T12:29:08.3567662+09:00","level":"INFO","msg":"filestream: sending request","total_files":4,"history_offset":6,"history_lines":2,"events_offset":18,"events_lines":2,"console_offset":8,"console_lines":3,"uploaded_len":1}
{"time":"2026-08-19T12:29:08.7238232+09:00","level":"INFO","msg":"filestream: request sent","status":"200 OK"}
{"time":"2026-08-19T12:29:23.3567524+09:00","level":"INFO","msg":"filestream: sending request","total_files":3,"history_offset":8,"history_lines":2,"console_offset":11,"console_lines":2,"uploaded_len":4}
{"time":"2026-08-19T12:29:23.3789468+09:00","level":"INFO","msg":"fileTransfer: Close: file transfer manager closed"}
{"time":"2026-08-19T12:29:23.9576505+09:00","level":"INFO","msg":"filestream: request sent","status":"200 OK"}
{"time":"2026-08-19T12:29:23.9576505+09:00","level":"INFO","msg":"filestream: sending request","total_files":0,"uploaded_len":1,"complete":true,"exit_code":0}
{"time":"2026-08-19T12:29:24.2300028+09:00","level":"INFO","msg":"filestream: request sent","status":"200 OK"}
{"time":"2026-08-19T12:29:24.2312607+09:00","level":"INFO","msg":"handler: operation stats","stats":{}}
{"time":"2026-08-19T12:29:24.2374801+09:00","level":"INFO","msg":"stream: finishing up"}
{"time":"2026-08-19T12:29:24.2374801+09:00","level":"INFO","msg":"handler: closed"}
{"time":"2026-08-19T12:29:24.2385608+09:00","level":"INFO","msg":"sender: closed"}
{"time":"2026-08-19T12:29:24.2385608+09:00","level":"INFO","msg":"stream: all finished"}
