2026-08-19 15:02:48,220 INFO    MainThread:4060 [wandb_setup.py:_flush():81] Current SDK version is 0.28.2
2026-08-19 15:02:48,220 INFO    MainThread:4060 [wandb_setup.py:_flush():81] Configure stats pid to 4060
2026-08-19 15:02:48,220 INFO    MainThread:4060 [wandb_setup.py:_flush():81] Loading settings from environment variables
2026-08-19 15:02:48,221 INFO    MainThread:4060 [wandb_init.py:setup_run_log_directory():739] Logging user logs to C:\kdh\개인\rps-project-sample\scripts\wandb\run-20260819_150248-aed8b8zh\logs\debug.log
2026-08-19 15:02:48,221 INFO    MainThread:4060 [wandb_init.py:setup_run_log_directory():740] Logging internal logs to C:\kdh\개인\rps-project-sample\scripts\wandb\run-20260819_150248-aed8b8zh\logs\debug-internal.log
2026-08-19 15:02:48,221 INFO    MainThread:4060 [wandb_init.py:init():783] calling init triggers
2026-08-19 15:02:48,221 INFO    MainThread:4060 [wandb_init.py:init():788] wandb.init called with sweep_config: {}
config: {'stage': '05_webcam_finetune', 'webcam_repeat': 5, 'unfreeze_blocks': 3, 'bn': 'frozen (params + running stats)', 'lr': 5e-05, 'epochs': 15, 'patience': 4, 'webcam_split': 'temporal 70/30 (leak-safe)', '_wandb': {}}
2026-08-19 15:02:48,221 INFO    MainThread:4060 [wandb_init.py:init():831] starting backend
2026-08-19 15:02:48,221 INFO    MainThread:4060 [wandb_init.py:init():846] sending inform_init request
2026-08-19 15:02:48,354 INFO    MainThread:4060 [wandb_init.py:init():851] backend started and connected
2026-08-19 15:02:48,371 INFO    MainThread:4060 [wandb_init.py:init():921] updated telemetry
2026-08-19 15:02:48,619 INFO    MainThread:4060 [wandb_init.py:init():944] communicating run to backend with 90.0 second timeout
2026-08-19 15:02:49,251 INFO    MainThread:4060 [wandb_init.py:init():981] starting run threads in backend
2026-08-19 15:02:49,355 INFO    MainThread:4060 [wandb_run.py:_console_start():2626] atexit reg
2026-08-19 15:02:49,355 INFO    MainThread:4060 [wandb_run.py:_redirect():2476] redirect: wrap_raw
2026-08-19 15:02:49,355 INFO    MainThread:4060 [wandb_run.py:_redirect():2545] Wrapping output streams.
2026-08-19 15:02:49,355 INFO    MainThread:4060 [wandb_run.py:_redirect():2568] Redirects installed.
2026-08-19 15:02:49,358 INFO    MainThread:4060 [wandb_init.py:init():1019] run started, returning control to user process
2026-08-19 15:09:03,254 INFO    MainThread:4060 [wandb_run.py:_config_callback():1360] config_cb ('_wandb', 'visualize', 'webcam_val/confusion_matrix') {'panel_type': 'Vega2', 'panel_config': {'panelDefId': 'wandb/confusion_matrix/v1', 'fieldSettings': {'Actual': 'Actual', 'Predicted': 'Predicted', 'nPredictions': 'nPredictions'}, 'stringSettings': {'title': 'Confusion Matrix Curve'}, 'transform': {'name': 'tableWithLeafColNames'}, 'userQuery': {'queryFields': [{'name': 'runSets', 'args': [{'name': 'runSets', 'value': '${runSets}'}], 'fields': [{'name': 'id', 'fields': []}, {'name': 'name', 'fields': []}, {'name': '_defaultColorIndex', 'fields': []}, {'name': 'summaryTable', 'args': [{'name': 'tableKey', 'value': 'webcam_val/confusion_matrix_table'}], 'fields': []}]}]}}} None
2026-08-19 15:09:12,781 INFO    MainThread:4060 [wandb_run.py:_config_callback():1360] config_cb ('_wandb', 'visualize', 'test_original/confusion_matrix') {'panel_type': 'Vega2', 'panel_config': {'panelDefId': 'wandb/confusion_matrix/v1', 'fieldSettings': {'Actual': 'Actual', 'Predicted': 'Predicted', 'nPredictions': 'nPredictions'}, 'stringSettings': {'title': 'Confusion Matrix Curve'}, 'transform': {'name': 'tableWithLeafColNames'}, 'userQuery': {'queryFields': [{'name': 'runSets', 'args': [{'name': 'runSets', 'value': '${runSets}'}], 'fields': [{'name': 'id', 'fields': []}, {'name': 'name', 'fields': []}, {'name': '_defaultColorIndex', 'fields': []}, {'name': 'summaryTable', 'args': [{'name': 'tableKey', 'value': 'test_original/confusion_matrix_table'}], 'fields': []}]}]}}} None
2026-08-19 15:09:21,830 INFO    MainThread:4060 [wandb_run.py:_config_callback():1360] config_cb ('_wandb', 'visualize', 'test_synthetic/confusion_matrix') {'panel_type': 'Vega2', 'panel_config': {'panelDefId': 'wandb/confusion_matrix/v1', 'fieldSettings': {'Actual': 'Actual', 'Predicted': 'Predicted', 'nPredictions': 'nPredictions'}, 'stringSettings': {'title': 'Confusion Matrix Curve'}, 'transform': {'name': 'tableWithLeafColNames'}, 'userQuery': {'queryFields': [{'name': 'runSets', 'args': [{'name': 'runSets', 'value': '${runSets}'}], 'fields': [{'name': 'id', 'fields': []}, {'name': 'name', 'fields': []}, {'name': '_defaultColorIndex', 'fields': []}, {'name': 'summaryTable', 'args': [{'name': 'tableKey', 'value': 'test_synthetic/confusion_matrix_table'}], 'fields': []}]}]}}} None
2026-08-19 15:09:22,820 INFO    MainThread:4060 [wandb_run.py:_finish():2397] finishing run onthegroundplay403-sesac/rps-project/aed8b8zh
2026-08-19 15:09:22,821 INFO    MainThread:4060 [wandb_run.py:_atexit_cleanup():2593] got exitcode: 0
2026-08-19 15:09:22,821 INFO    MainThread:4060 [wandb_run.py:_restore():2575] restore
2026-08-19 15:09:22,821 INFO    MainThread:4060 [wandb_run.py:_restore():2581] restore done
2026-08-19 15:09:25,770 INFO    MainThread:4060 [wandb_run.py:_footer_sync_info():4025] logging synced files
