{"time":"2026-08-19T15:14:37.2552852+09:00","level":"INFO","msg":"wandb-core"}
{"time":"2026-08-19T15:14:37.2552852+09:00","level":"INFO","msg":"stream: starting","core version":"0.28.2"}
{"time":"2026-08-19T15:14:37.3841964+09:00","level":"INFO","msg":"stream: created new stream","id":"wiyxcw5s"}
{"time":"2026-08-19T15:14:37.3847487+09:00","level":"INFO","msg":"handler: started"}
{"time":"2026-08-19T15:14:37.3860058+09:00","level":"INFO","msg":"stream: started"}
{"time":"2026-08-19T15:14:37.3860058+09:00","level":"INFO","msg":"writer: started","stream_id":"wiyxcw5s"}
{"time":"2026-08-19T15:14:37.3860058+09:00","level":"INFO","msg":"sender: started"}
{"time":"2026-08-19T15:14:38.4276946+09:00","level":"INFO","msg":"filestream: sending request","total_files":1,"console_offset":0,"console_lines":1}
{"time":"2026-08-19T15:14:38.7152752+09:00","level":"INFO","msg":"filestream: request sent","status":"200 OK"}
{"time":"2026-08-19T15:14:53.4282534+09:00","level":"INFO","msg":"filestream: sending request","total_files":2,"events_offset":0,"events_lines":2,"console_offset":1,"console_lines":1,"uploaded_len":2}
{"time":"2026-08-19T15:14:53.7449574+09:00","level":"INFO","msg":"filestream: request sent","status":"200 OK"}
{"time":"2026-08-19T15:15:08.4281603+09:00","level":"INFO","msg":"filestream: sending request","total_files":1,"events_offset":2,"events_lines":2}
{"time":"2026-08-19T15:15:08.6902633+09:00","level":"INFO","msg":"filestream: request sent","status":"200 OK"}
{"time":"2026-08-19T15:15:23.4282972+09:00","level":"INFO","msg":"filestream: sending request","total_files":1,"events_offset":4,"events_lines":2}
{"time":"2026-08-19T15:15:23.7228769+09:00","level":"INFO","msg":"filestream: request sent","status":"200 OK"}
{"time":"2026-08-19T15:15:38.4279885+09:00","level":"INFO","msg":"filestream: sending request","total_files":1,"events_offset":6,"events_lines":2}
{"time":"2026-08-19T15:15:38.7196208+09:00","level":"INFO","msg":"filestream: request sent","status":"200 OK"}
{"time":"2026-08-19T15:15:53.4278801+09:00","level":"INFO","msg":"filestream: sending request","total_files":1,"events_offset":8,"events_lines":2}
{"time":"2026-08-19T15:15:53.7348311+09:00","level":"INFO","msg":"filestream: request sent","status":"200 OK"}
{"time":"2026-08-19T15:16:08.428454+09:00","level":"INFO","msg":"filestream: sending request","total_files":4,"history_offset":0,"history_lines":1,"events_offset":10,"events_lines":2,"console_offset":2,"console_lines":1}
{"time":"2026-08-19T15:16:08.6913775+09:00","level":"INFO","msg":"filestream: request sent","status":"200 OK"}
{"time":"2026-08-19T15:16:23.4283254+09:00","level":"INFO","msg":"filestream: sending request","total_files":1,"events_offset":12,"events_lines":2}
{"time":"2026-08-19T15:16:23.6912343+09:00","level":"INFO","msg":"filestream: request sent","status":"200 OK"}
{"time":"2026-08-19T15:16:38.4280333+09:00","level":"INFO","msg":"filestream: sending request","total_files":1,"events_offset":14,"events_lines":2}
{"time":"2026-08-19T15:16:38.7095332+09:00","level":"INFO","msg":"filestream: request sent","status":"200 OK"}
{"time":"2026-08-19T15:16:53.4283834+09:00","level":"INFO","msg":"filestream: sending request","total_files":1,"events_offset":16,"events_lines":2}
{"time":"2026-08-19T15:16:53.7278397+09:00","level":"INFO","msg":"filestream: request sent","status":"200 OK"}
{"time":"2026-08-19T15:17:08.42794+09:00","level":"INFO","msg":"filestream: sending request","total_files":4,"history_offset":1,"history_lines":1,"events_offset":18,"events_lines":2,"console_offset":3,"console_lines":1}
{"time":"2026-08-19T15:17:08.7782096+09:00","level":"INFO","msg":"filestream: request sent","status":"200 OK"}
{"time":"2026-08-19T15:17:23.4281554+09:00","level":"INFO","msg":"filestream: sending request","total_files":1,"events_offset":20,"events_lines":2}
{"time":"2026-08-19T15:17:23.7440034+09:00","level":"INFO","msg":"filestream: request sent","status":"200 OK"}
{"time":"2026-08-19T15:17:38.4281698+09:00","level":"INFO","msg":"filestream: sending request","total_files":1,"events_offset":22,"events_lines":2}
{"time":"2026-08-19T15:17:38.7472224+09:00","level":"INFO","msg":"filestream: request sent","status":"200 OK"}
{"time":"2026-08-19T15:17:53.428116+09:00","level":"INFO","msg":"filestream: sending request","total_files":1,"events_offset":24,"events_lines":2}
{"time":"2026-08-19T15:17:53.8439572+09:00","level":"INFO","msg":"filestream: request sent","status":"200 OK"}
{"time":"2026-08-19T15:18:08.4280871+09:00","level":"INFO","msg":"filestream: sending request","total_files":1,"events_offset":26,"events_lines":2}
{"time":"2026-08-19T15:18:08.7801799+09:00","level":"INFO","msg":"filestream: request sent","status":"200 OK"}
{"time":"2026-08-19T15:18:23.4280934+09:00","level":"INFO","msg":"filestream: sending request","total_files":4,"history_offset":2,"history_lines":1,"events_offset":28,"events_lines":2,"console_offset":4,"console_lines":1}
{"time":"2026-08-19T15:18:23.7074389+09:00","level":"INFO","msg":"filestream: request sent","status":"200 OK"}
{"time":"2026-08-19T15:18:38.4282105+09:00","level":"INFO","msg":"filestream: sending request","total_files":1,"events_offset":30,"events_lines":2}
{"time":"2026-08-19T15:18:38.7836052+09:00","level":"INFO","msg":"filestream: request sent","status":"200 OK"}
{"time":"2026-08-19T15:18:53.4281093+09:00","level":"INFO","msg":"filestream: sending request","total_files":1,"events_offset":32,"events_lines":2}
{"time":"2026-08-19T15:18:53.8714933+09:00","level":"INFO","msg":"filestream: request sent","status":"200 OK"}
{"time":"2026-08-19T15:19:08.428169+09:00","level":"INFO","msg":"filestream: sending request","total_files":1,"events_offset":34,"events_lines":2}
{"time":"2026-08-19T15:19:08.7693012+09:00","level":"INFO","msg":"filestream: request sent","status":"200 OK"}
{"time":"2026-08-19T15:19:23.4280281+09:00","level":"INFO","msg":"filestream: sending request","total_files":4,"history_offset":3,"history_lines":1,"events_offset":36,"events_lines":2,"console_offset":5,"console_lines":2}
{"time":"2026-08-19T15:19:23.7470993+09:00","level":"INFO","msg":"filestream: request sent","status":"200 OK"}
{"time":"2026-08-19T15:19:38.4279292+09:00","level":"INFO","msg":"filestream: sending request","total_files":4,"history_offset":4,"history_lines":2,"events_offset":38,"events_lines":2,"console_offset":7,"console_lines":2,"uploaded_len":1}
{"time":"2026-08-19T15:19:38.6927139+09:00","level":"INFO","msg":"filestream: request sent","status":"200 OK"}
{"time":"2026-08-19T15:19:47.5979287+09:00","level":"INFO","msg":"fileTransfer: Close: file transfer manager closed"}
{"time":"2026-08-19T15:19:47.5979287+09:00","level":"INFO","msg":"filestream: sending request","total_files":3,"history_offset":6,"history_lines":1,"console_offset":9,"console_lines":1,"uploaded_len":5,"complete":true,"exit_code":0}
{"time":"2026-08-19T15:19:47.8480243+09:00","level":"INFO","msg":"filestream: request sent","status":"200 OK"}
{"time":"2026-08-19T15:19:47.8534535+09:00","level":"INFO","msg":"handler: operation stats","stats":{}}
{"time":"2026-08-19T15:19:47.8653828+09:00","level":"INFO","msg":"stream: finishing up"}
{"time":"2026-08-19T15:19:47.8653828+09:00","level":"INFO","msg":"handler: closed"}
{"time":"2026-08-19T15:19:47.8659042+09:00","level":"INFO","msg":"sender: closed"}
{"time":"2026-08-19T15:19:47.8659042+09:00","level":"INFO","msg":"stream: all finished"}
{"time":"2026-08-19T15:19:49.8668123+09:00","level":"ERROR","msg":"stream: failed to shut down analytics","error":"shutdown errors: [failed to upload metrics: context deadline exceeded: retry-able request failure: Post \"https://api.wandb.ai/sdk/otel/v1/metrics\": net/http: request canceled (Client.Timeout exceeded while awaiting headers) context deadline exceeded]"}
