train 총 23177장 (합성 3062 + 웹캠 4023×5)
학습 전 webcam_val: loss 0.1124 / acc 0.9630
epoch  1/15  train 0.0690/0.9778  val 0.2066/0.9318
epoch  2/15  train 0.0509/0.9829  val 0.1367/0.9665
epoch  3/15  train 0.0413/0.9873  val 0.1880/0.9520
epoch  4/15  train 0.0363/0.9881  val 0.1269/0.9665
epoch  5/15  train 0.0299/0.9902  val 0.4544/0.8913
epoch  6/15  train 0.0295/0.9910  val 0.0985/0.9717
epoch  7/15  train 0.0260/0.9916  val 0.1872/0.9618
epoch  8/15  train 0.0235/0.9920  val 0.1189/0.9722
epoch  9/15  train 0.0226/0.9924  val 0.1209/0.9693
epoch 10/15  train 0.0210/0.9933  val 0.1523/0.9647
epoch 11/15  train 0.0173/0.9945  val 0.0965/0.9769
epoch 12/15  train 0.0204/0.9930  val 0.1105/0.9751
epoch 13/15  train 0.0178/0.9936  val 0.1402/0.9572
epoch 14/15  train 0.0183/0.9946  val 0.0960/0.9757
epoch 15/15  train 0.0150/0.9946  val 0.1233/0.9595
조기종료 (patience=4)
webcam_val accuracy: 0.9769
test_original accuracy: 0.9970
test_synthetic accuracy: 0.9818
